<html>
<body>
<pre>
<h1>µVision Build Log</h1>
<h2>Tool Versions:</h2>
IDE-Version: µVision V5.25.2.0
Copyright (C) 2018 ARM Ltd and ARM Germany GmbH. All rights reserved.
License Information: CSN CSN, INSA de Toulouse, LIC=----
 
Tool Versions:
Toolchain:       MDK-Lite  Version: 5.25.2.0
Toolchain Path:  C:\Keil_v5\ARM\ARMCC\Bin
C Compiler:      Armcc.exe V5.06 update 6 (build 750)
Assembler:       Armasm.exe V5.06 update 6 (build 750)
Linker/Locator:  ArmLink.exe V5.06 update 6 (build 750)
Library Manager: ArmAr.exe V5.06 update 6 (build 750)
Hex Converter:   FromElf.exe V5.06 update 6 (build 750)
CPU DLL:         SARMCM3.DLL V5.25.2.0
Dialog DLL:      DARMSTM.DLL V1.68.0.0
Target DLL:      STLink\ST-LINKIII-KEIL_SWO.dll V3.0.1.0
Dialog DLL:      TARMSTM.DLL V1.66.0.0
 
<h2>Project:</h2>
U:\Documents\TP-MicroControleur\BATO\ProjetVoilier\Projet_Voilier_Keil\MDK-ARM\Project.uvprojx
Project File Date:  10/18/2019

<h2>Output:</h2>
*** Using Compiler 'V5.06 update 6 (build 750)', folder: 'C:\Keil_v5\ARM\ARMCC\Bin'
Rebuild target 'NUCLEO-F103RB'
compiling Accelerometre.c...
..\..\..\ProjetVoilier\source\Accelerometre.h(3): warning:  #1-D: last line of file ends without a newline
  void initAccelerometre();
..\..\..\ProjetVoilier\source\Accelerometre.h(3): warning:  #1295-D: Deprecated declaration initAccelerometre - give arg types
  void initAccelerometre();
..\..\..\ProjetVoilier\source\Accelerometre.c: 2 warnings, 0 errors
compiling MoteurCC.c...
..\..\..\ProjetVoilier\source\MoteurCC.h(3): warning:  #1295-D: Deprecated declaration initMoteurCC - give arg types
  void initMoteurCC();
..\..\..\ProjetVoilier\source\MoteurCC.h(4): warning:  #1-D: last line of file ends without a newline
  void tournerPlateau(/*sens,vitesse*/);
..\..\..\ProjetVoilier\source\MoteurCC.h(4): warning:  #1295-D: Deprecated declaration tournerPlateau - give arg types
  void tournerPlateau(/*sens,vitesse*/);
..\..\..\ProjetVoilier\source\MoteurCC.c(4): warning:  #1-D: last line of file ends without a newline
  //sens en pushpull sur PA2
..\..\..\ProjetVoilier\source\MoteurCC.c: 4 warnings, 0 errors
compiling Accu7V2.c...
..\..\..\ProjetVoilier\source\Accu7V2.h(3): warning:  #1295-D: Deprecated declaration initAccu - give arg types
  void initAccu ();
..\..\..\ProjetVoilier\source\Accu7V2.h(4): warning:  #1-D: last line of file ends without a newline
  void NotifierNiveauBatterie();
..\..\..\ProjetVoilier\source\Accu7V2.h(4): warning:  #1295-D: Deprecated declaration NotifierNiveauBatterie - give arg types
  void NotifierNiveauBatterie();
..\..\..\ProjetVoilier\source\Accu7V2.c: 3 warnings, 0 errors
compiling CodeurIncremental.c...
..\..\..\ProjetVoilier\source\CodeurIncremental.h(3): warning:  #1295-D: Deprecated declaration initCodeurIncremental - give arg types
  void initCodeurIncremental();
..\..\..\ProjetVoilier\source\CodeurIncremental.c(6): warning:  #1-D: last line of file ends without a newline
  //emma(l'index) sur PA5
..\..\..\ProjetVoilier\source\CodeurIncremental.c: 2 warnings, 0 errors
compiling ServoMoteur.c...
..\..\..\ProjetVoilier\source\ServoMoteur.h(3): warning:  #1295-D: Deprecated declaration initServoMoteur - give arg types
  void initServoMoteur();
..\..\..\ProjetVoilier\source\ServoMoteur.h(4): warning:  #1-D: last line of file ends without a newline
  void SetAngle(/*ange*/);
..\..\..\ProjetVoilier\source\ServoMoteur.h(4): warning:  #1295-D: Deprecated declaration SetAngle - give arg types
  void SetAngle(/*ange*/);
..\..\..\ProjetVoilier\source\ServoMoteur.c(5): warning:  #1-D: last line of file ends without a newline
  //PA8 et PB8 + choix de la clock par cavalier
..\..\..\ProjetVoilier\source\ServoMoteur.c: 4 warnings, 0 errors
compiling stm32f1xx_ll_rcc.c...
compiling stm32f1xx_ll_utils.c...
compiling EmetteurHF.c...
compiling stm32f1xx_ll_gpio.c...
compiling Main.c...
..\..\..\ProjetVoilier\source\Accelerometre.h(3): warning:  #1-D: last line of file ends without a newline
  void initAccelerometre();
..\..\..\ProjetVoilier\source\Accelerometre.h(3): warning:  #1295-D: Deprecated declaration initAccelerometre - give arg types
  void initAccelerometre();
..\..\..\ProjetVoilier\source\Accu7V2.h(3): warning:  #1295-D: Deprecated declaration initAccu - give arg types
  void initAccu ();
..\..\..\ProjetVoilier\source\Accu7V2.h(4): warning:  #1-D: last line of file ends without a newline
  void NotifierNiveauBatterie();
..\..\..\ProjetVoilier\source\Accu7V2.h(4): warning:  #1295-D: Deprecated declaration NotifierNiveauBatterie - give arg types
  void NotifierNiveauBatterie();
..\..\..\ProjetVoilier\source\CodeurIncremental.h(3): warning:  #1295-D: Deprecated declaration initCodeurIncremental - give arg types
  void initCodeurIncremental();
..\..\..\ProjetVoilier\source\MoteurCC.h(3): warning:  #1295-D: Deprecated declaration initMoteurCC - give arg types
  void initMoteurCC();
..\..\..\ProjetVoilier\source\MoteurCC.h(4): warning:  #1-D: last line of file ends without a newline
  void tournerPlateau(/*sens,vitesse*/);
..\..\..\ProjetVoilier\source\MoteurCC.h(4): warning:  #1295-D: Deprecated declaration tournerPlateau - give arg types
  void tournerPlateau(/*sens,vitesse*/);
..\..\..\ProjetVoilier\source\RecepteurHF.h(3): warning:  #1295-D: Deprecated declaration InitRecepteurHF - give arg types
  void InitRecepteurHF();
..\..\..\ProjetVoilier\source\RecepteurHF.h(4): warning:  #1-D: last line of file ends without a newline
  int GetCommande();
..\..\..\ProjetVoilier\source\RecepteurHF.h(4): warning:  #1295-D: Deprecated declaration GetCommande - give arg types
  int GetCommande();
..\..\..\ProjetVoilier\source\ServoMoteur.h(3): warning:  #1295-D: Deprecated declaration initServoMoteur - give arg types
  void initServoMoteur();
..\..\..\ProjetVoilier\source\ServoMoteur.h(4): warning:  #1-D: last line of file ends without a newline
  void SetAngle(/*ange*/);
..\..\..\ProjetVoilier\source\ServoMoteur.h(4): warning:  #1295-D: Deprecated declaration SetAngle - give arg types
  void SetAngle(/*ange*/);
..\..\..\ProjetVoilier\source\Main.c(61): warning:  #550-D: variable "a"  was set but never used
  	static int a=0;
..\..\..\ProjetVoilier\source\Main.c: 16 warnings, 0 errors
compiling RecepteurHF.c...
..\..\..\ProjetVoilier\source\RecepteurHF.h(3): warning:  #1295-D: Deprecated declaration InitRecepteurHF - give arg types
  void InitRecepteurHF();
..\..\..\ProjetVoilier\source\RecepteurHF.h(4): warning:  #1-D: last line of file ends without a newline
  int GetCommande();
..\..\..\ProjetVoilier\source\RecepteurHF.h(4): warning:  #1295-D: Deprecated declaration GetCommande - give arg types
  int GetCommande();
..\..\..\ProjetVoilier\source\RecepteurHF.c(56): warning:  #1-D: last line of file ends without a newline
  }
..\..\..\ProjetVoilier\source\RecepteurHF.c: 4 warnings, 0 errors
assembling startup_stm32f103xb.s...
compiling stm32f1xx_ll_tim.c...
compiling system_stm32f1xx.c...
compiling stm32f1xx_ll_usart.c...
compiling stm32f1xx_ll_adc.c...
linking...
Program Size: Code=820 RO-data=268 RW-data=8 ZI-data=1024  
"NUCLEO-F103RB\NUCLEO-F103RB.axf" - 0 Error(s), 35 Warning(s).

<h2>Software Packages used:</h2>

Package Vendor: ARM
                http://www.keil.com/pack/ARM.CMSIS.5.3.0.pack
                ARM.CMSIS.5.3.0
                CMSIS (Cortex Microcontroller Software Interface Standard)
   * Component: CORE Version: 5.1.1

Package Vendor: Keil
                http://www.keil.com/pack/Keil.STM32F1xx_DFP.2.2.0.pack
                Keil.STM32F1xx_DFP.2.2.0
                STMicroelectronics STM32F1 Series Device Support, Drivers and Examples

<h2>Collection of Component include folders:</h2>
  .\RTE\_NUCLEO-F103RB
  C:\Keil_v5\ARM\PACK\ARM\CMSIS\5.3.0\CMSIS\Include
  C:\Keil_v5\ARM\PACK\Keil\STM32F1xx_DFP\2.2.0\Device\Include

<h2>Collection of Component Files used:</h2>

   * Component: ARM::CMSIS:CORE:5.1.1
Build Time Elapsed:  00:00:06
</pre>
</body>
</html>
